ID        StartAddr Size      Perms     Name      
1e97      607580    8                  .init_array
1e98      607588    8                  .fini_array
1e99      607590    8                  .jcr      
1e8f      400a28    31c                .dynstr   
1e8a      400200    1c                 .interp   
1e90      400d44    a2                 .gnu.version
1e9a      607598    1f0                .dynamic  
1e9b      607788    8                  .got      
1e9d      6079f8    10                 .data     
1e93      400ea8    6f0                .rela.plt 
1e94      405420    1180               .rodata   
1e8b      40021c    20                 .note.ABI-tag
1e8c      40023c    24                 .note.gnu.build-id
1e8d      400260    30                 .gnu.hash 
1e8e      400290    798                .dynsym   
1e91      400de8    60                 .gnu.version_r
1e92      400e48    60                 .rela.dyn 
1e9c      607790    268                .got.plt  
1e9e      607a40    10328              .bss      
ffffffff  401598    3e85               .text     
ffffffff  618f54    6980               .eh_frame 
ffffffff  4065a0    179c               zipr_scoop_4220320
ffffffff  618000    f54                .eh_frame_hdr
